  Determining projects to restore...
C:\Users\ramazan\Documents\Modern-E-Commerce-Platform-ASP.NET-Core-C-\login.csproj : warning NU1603: login depends on Iyzipay (>= 1.0.58) but Iyzipay 1.0.58 was not found. Iyzipay 2.0.0 was resolved instead. [C:\Users\ramazan\Documents\Modern-E-Commerce-Platform-ASP.NET-Core-C-\login.sln]
C:\Users\ramazan\Documents\Modern-E-Commerce-Platform-ASP.NET-Core-C-\login.csproj : warning NU1603: login depends on Pomelo.EntityFrameworkCore.MySql (>= 8.0.7) but Pomelo.EntityFrameworkCore.MySql 8.0.7 was not found. Pomelo.EntityFrameworkCore.MySql 9.0.0 was resolved instead. [C:\Users\ramazan\Documents\Modern-E-Commerce-Platform-ASP.NET-Core-C-\login.sln]
C:\Users\ramazan\Documents\Modern-E-Commerce-Platform-ASP.NET-Core-C-\login.csproj : warning NU1701: Package 'Iyzipay 2.0.0' was restored using '.NETFramework,Version=v4.6.1, .NETFramework,Version=v4.6.2, .NETFramework,Version=v4.7, .NETFramework,Version=v4.7.1, .NETFramework,Version=v4.7.2, .NETFramework,Version=v4.8, .NETFramework,Version=v4.8.1' instead of the project target framework 'net8.0'. This package may not be fully compatible with your project. [C:\Users\ramazan\Documents\Modern-E-Commerce-Platform-ASP.NET-Core-C-\login.sln]
C:\Users\ramazan\Documents\Modern-E-Commerce-Platform-ASP.NET-Core-C-\login.csproj : warning NU1701: Package 'Newtonsoft.Json 8.0.2' was restored using '.NETFramework,Version=v4.6.1, .NETFramework,Version=v4.6.2, .NETFramework,Version=v4.7, .NETFramework,Version=v4.7.1, .NETFramework,Version=v4.7.2, .NETFramework,Version=v4.8, .NETFramework,Version=v4.8.1' instead of the project target framework 'net8.0'. This package may not be fully compatible with your project. [C:\Users\ramazan\Documents\Modern-E-Commerce-Platform-ASP.NET-Core-C-\login.sln]
  All projects are up-to-date for restore.
C:\Users\ramazan\Documents\Modern-E-Commerce-Platform-ASP.NET-Core-C-\login.csproj : warning NU1603: login depends on Iyzipay (>= 1.0.58) but Iyzipay 1.0.58 was not found. Iyzipay 2.0.0 was resolved instead.
C:\Users\ramazan\Documents\Modern-E-Commerce-Platform-ASP.NET-Core-C-\login.csproj : warning NU1603: login depends on Pomelo.EntityFrameworkCore.MySql (>= 8.0.7) but Pomelo.EntityFrameworkCore.MySql 8.0.7 was not found. Pomelo.EntityFrameworkCore.MySql 9.0.0 was resolved instead.
C:\Users\ramazan\Documents\Modern-E-Commerce-Platform-ASP.NET-Core-C-\login.csproj : warning NU1701: Package 'Iyzipay 2.0.0' was restored using '.NETFramework,Version=v4.6.1, .NETFramework,Version=v4.6.2, .NETFramework,Version=v4.7, .NETFramework,Version=v4.7.1, .NETFramework,Version=v4.7.2, .NETFramework,Version=v4.8, .NETFramework,Version=v4.8.1' instead of the project target framework 'net8.0'. This package may not be fully compatible with your project.
C:\Users\ramazan\Documents\Modern-E-Commerce-Platform-ASP.NET-Core-C-\login.csproj : warning NU1701: Package 'Newtonsoft.Json 8.0.2' was restored using '.NETFramework,Version=v4.6.1, .NETFramework,Version=v4.6.2, .NETFramework,Version=v4.7, .NETFramework,Version=v4.7.1, .NETFramework,Version=v4.7.2, .NETFramework,Version=v4.8, .NETFramework,Version=v4.8.1' instead of the project target framework 'net8.0'. This package may not be fully compatible with your project.
C:\Users\ramazan\Documents\Modern-E-Commerce-Platform-ASP.NET-Core-C-\ViewComponents\CartBadgeViewComponent.cs(19,49): warning CS1998: This async method lacks 'await' operators and will run synchronously. Consider using the 'await' operator to await non-blocking API calls, or 'await Task.Run(...)' to do CPU-bound work on a background thread. [C:\Users\ramazan\Documents\Modern-E-Commerce-Platform-ASP.NET-Core-C-\login.csproj]
C:\Users\ramazan\Documents\Modern-E-Commerce-Platform-ASP.NET-Core-C-\Controllers\CartController.cs(122,93): warning CS8602: Dereference of a possibly null reference. [C:\Users\ramazan\Documents\Modern-E-Commerce-Platform-ASP.NET-Core-C-\login.csproj]
C:\Users\ramazan\Documents\Modern-E-Commerce-Platform-ASP.NET-Core-C-\Services\EmailService.cs(19,25): warning CS8601: Possible null reference assignment. [C:\Users\ramazan\Documents\Modern-E-Commerce-Platform-ASP.NET-Core-C-\login.csproj]
C:\Users\ramazan\Documents\Modern-E-Commerce-Platform-ASP.NET-Core-C-\Services\EmailService.cs(30,26): warning CS8601: Possible null reference assignment. [C:\Users\ramazan\Documents\Modern-E-Commerce-Platform-ASP.NET-Core-C-\login.csproj]
C:\Users\ramazan\Documents\Modern-E-Commerce-Platform-ASP.NET-Core-C-\Services\EmailService.cs(36,25): warning CS8601: Possible null reference assignment. [C:\Users\ramazan\Documents\Modern-E-Commerce-Platform-ASP.NET-Core-C-\login.csproj]
C:\Users\ramazan\Documents\Modern-E-Commerce-Platform-ASP.NET-Core-C-\Views\Login\Profile.cshtml(48,63): error CS1061: 'User' does not contain a definition for 'BirthDate' and no accessible extension method 'BirthDate' accepting a first argument of type 'User' could be found (are you missing a using directive or an assembly reference?) [C:\Users\ramazan\Documents\Modern-E-Commerce-Platform-ASP.NET-Core-C-\login.csproj]
C:\Users\ramazan\Documents\Modern-E-Commerce-Platform-ASP.NET-Core-C-\Views\Login\Profile.cshtml(55,86): error CS1061: 'User' does not contain a definition for 'Address' and no accessible extension method 'Address' accepting a first argument of type 'User' could be found (are you missing a using directive or an assembly reference?) [C:\Users\ramazan\Documents\Modern-E-Commerce-Platform-ASP.NET-Core-C-\login.csproj]

Build FAILED.

C:\Users\ramazan\Documents\Modern-E-Commerce-Platform-ASP.NET-Core-C-\login.csproj : warning NU1603: login depends on Iyzipay (>= 1.0.58) but Iyzipay 1.0.58 was not found. Iyzipay 2.0.0 was resolved instead. [C:\Users\ramazan\Documents\Modern-E-Commerce-Platform-ASP.NET-Core-C-\login.sln]
C:\Users\ramazan\Documents\Modern-E-Commerce-Platform-ASP.NET-Core-C-\login.csproj : warning NU1603: login depends on Pomelo.EntityFrameworkCore.MySql (>= 8.0.7) but Pomelo.EntityFrameworkCore.MySql 8.0.7 was not found. Pomelo.EntityFrameworkCore.MySql 9.0.0 was resolved instead. [C:\Users\ramazan\Documents\Modern-E-Commerce-Platform-ASP.NET-Core-C-\login.sln]
C:\Users\ramazan\Documents\Modern-E-Commerce-Platform-ASP.NET-Core-C-\login.csproj : warning NU1701: Package 'Iyzipay 2.0.0' was restored using '.NETFramework,Version=v4.6.1, .NETFramework,Version=v4.6.2, .NETFramework,Version=v4.7, .NETFramework,Version=v4.7.1, .NETFramework,Version=v4.7.2, .NETFramework,Version=v4.8, .NETFramework,Version=v4.8.1' instead of the project target framework 'net8.0'. This package may not be fully compatible with your project. [C:\Users\ramazan\Documents\Modern-E-Commerce-Platform-ASP.NET-Core-C-\login.sln]
C:\Users\ramazan\Documents\Modern-E-Commerce-Platform-ASP.NET-Core-C-\login.csproj : warning NU1701: Package 'Newtonsoft.Json 8.0.2' was restored using '.NETFramework,Version=v4.6.1, .NETFramework,Version=v4.6.2, .NETFramework,Version=v4.7, .NETFramework,Version=v4.7.1, .NETFramework,Version=v4.7.2, .NETFramework,Version=v4.8, .NETFramework,Version=v4.8.1' instead of the project target framework 'net8.0'. This package may not be fully compatible with your project. [C:\Users\ramazan\Documents\Modern-E-Commerce-Platform-ASP.NET-Core-C-\login.sln]
C:\Users\ramazan\Documents\Modern-E-Commerce-Platform-ASP.NET-Core-C-\login.csproj : warning NU1603: login depends on Iyzipay (>= 1.0.58) but Iyzipay 1.0.58 was not found. Iyzipay 2.0.0 was resolved instead.
C:\Users\ramazan\Documents\Modern-E-Commerce-Platform-ASP.NET-Core-C-\login.csproj : warning NU1603: login depends on Pomelo.EntityFrameworkCore.MySql (>= 8.0.7) but Pomelo.EntityFrameworkCore.MySql 8.0.7 was not found. Pomelo.EntityFrameworkCore.MySql 9.0.0 was resolved instead.
C:\Users\ramazan\Documents\Modern-E-Commerce-Platform-ASP.NET-Core-C-\login.csproj : warning NU1701: Package 'Iyzipay 2.0.0' was restored using '.NETFramework,Version=v4.6.1, .NETFramework,Version=v4.6.2, .NETFramework,Version=v4.7, .NETFramework,Version=v4.7.1, .NETFramework,Version=v4.7.2, .NETFramework,Version=v4.8, .NETFramework,Version=v4.8.1' instead of the project target framework 'net8.0'. This package may not be fully compatible with your project.
C:\Users\ramazan\Documents\Modern-E-Commerce-Platform-ASP.NET-Core-C-\login.csproj : warning NU1701: Package 'Newtonsoft.Json 8.0.2' was restored using '.NETFramework,Version=v4.6.1, .NETFramework,Version=v4.6.2, .NETFramework,Version=v4.7, .NETFramework,Version=v4.7.1, .NETFramework,Version=v4.7.2, .NETFramework,Version=v4.8, .NETFramework,Version=v4.8.1' instead of the project target framework 'net8.0'. This package may not be fully compatible with your project.
C:\Users\ramazan\Documents\Modern-E-Commerce-Platform-ASP.NET-Core-C-\ViewComponents\CartBadgeViewComponent.cs(19,49): warning CS1998: This async method lacks 'await' operators and will run synchronously. Consider using the 'await' operator to await non-blocking API calls, or 'await Task.Run(...)' to do CPU-bound work on a background thread. [C:\Users\ramazan\Documents\Modern-E-Commerce-Platform-ASP.NET-Core-C-\login.csproj]
C:\Users\ramazan\Documents\Modern-E-Commerce-Platform-ASP.NET-Core-C-\Controllers\CartController.cs(122,93): warning CS8602: Dereference of a possibly null reference. [C:\Users\ramazan\Documents\Modern-E-Commerce-Platform-ASP.NET-Core-C-\login.csproj]
C:\Users\ramazan\Documents\Modern-E-Commerce-Platform-ASP.NET-Core-C-\Services\EmailService.cs(19,25): warning CS8601: Possible null reference assignment. [C:\Users\ramazan\Documents\Modern-E-Commerce-Platform-ASP.NET-Core-C-\login.csproj]
C:\Users\ramazan\Documents\Modern-E-Commerce-Platform-ASP.NET-Core-C-\Services\EmailService.cs(30,26): warning CS8601: Possible null reference assignment. [C:\Users\ramazan\Documents\Modern-E-Commerce-Platform-ASP.NET-Core-C-\login.csproj]
C:\Users\ramazan\Documents\Modern-E-Commerce-Platform-ASP.NET-Core-C-\Services\EmailService.cs(36,25): warning CS8601: Possible null reference assignment. [C:\Users\ramazan\Documents\Modern-E-Commerce-Platform-ASP.NET-Core-C-\login.csproj]
C:\Users\ramazan\Documents\Modern-E-Commerce-Platform-ASP.NET-Core-C-\Views\Login\Profile.cshtml(48,63): error CS1061: 'User' does not contain a definition for 'BirthDate' and no accessible extension method 'BirthDate' accepting a first argument of type 'User' could be found (are you missing a using directive or an assembly reference?) [C:\Users\ramazan\Documents\Modern-E-Commerce-Platform-ASP.NET-Core-C-\login.csproj]
C:\Users\ramazan\Documents\Modern-E-Commerce-Platform-ASP.NET-Core-C-\Views\Login\Profile.cshtml(55,86): error CS1061: 'User' does not contain a definition for 'Address' and no accessible extension method 'Address' accepting a first argument of type 'User' could be found (are you missing a using directive or an assembly reference?) [C:\Users\ramazan\Documents\Modern-E-Commerce-Platform-ASP.NET-Core-C-\login.csproj]
    13 Warning(s)
    2 Error(s)

Time Elapsed 00:00:01.90
